// Jest Snapshot v1, https://goo.gl/fbAQLP

exports[`<Jest/> should keep the same code 1`] = `"<main class="flex min-h-screen flex-col items-center justify-center"><h1 id="test-id" class="text-xl">Exemplo com Jest e Testing Library</h1><h2 class="text-lg">Componente para exemplificar o uso do Jest e Testing Librarys</h2><div class="border-t border-gray-300 my-4 w-full"></div><h4>Componente para exemplificar o uso do Jest e Testing Librarys</h4><button class="bg-blue-500 text-white p-2">Adicionar item</button><ul></ul><div class="border-t border-gray-300 my-4 w-full"></div><h4>Componente para testar o valor inserido por um input</h4><input placeholder="Input para teste" type="text" class="my-2 p-2 border border-blue-300" value=""><button class="bg-blue-500 text-white p-2">Adicionar valor do input</button>Valor do input: <div></div></main>"`;
